Found 3 test(s).
Operations to perform:
  Synchronize unmigrated apps: allauth, channels, corsheaders, dbbackup, google, import_export, messages, ratelimit, staticfiles
  Apply all migrations: account, accounts, admin, administration, auth, contenttypes, debug_toolbar, django_celery_beat, home, practice, sessions, sites, socialaccount, student
Synchronizing apps without migrations:
  Creating tables...
    Running deferred SQL...
Running migrations:
  Applying contenttypes.0001_initial... OK
  Applying auth.0001_initial... OK
  Applying account.0001_initial... OK
  Applying account.0002_email_max_length... OK
  Applying account.0003_alter_emailaddress_create_unique_verified_email... OK
  Applying account.0004_alter_emailaddress_drop_unique_email... OK
  Applying account.0005_emailaddress_idx_upper_email... OK
  Applying account.0006_emailaddress_lower... OK
  Applying account.0007_emailaddress_idx_email... OK
  Applying account.0008_emailaddress_unique_primary_email_fixup... OK
  Applying account.0009_emailaddress_unique_primary_email... OK
  Applying contenttypes.0002_remove_content_type_name... OK
  Applying auth.0002_alter_permission_name_max_length... OK
  Applying auth.0003_alter_user_email_max_length... OK
  Applying auth.0004_alter_user_username_opts... OK
  Applying auth.0005_alter_user_last_login_null... OK
  Applying auth.0006_require_contenttypes_0002... OK
  Applying auth.0007_alter_validators_add_error_messages... OK
  Applying auth.0008_alter_user_username_max_length... OK
  Applying auth.0009_alter_user_last_name_max_length... OK
  Applying auth.0010_alter_group_name_max_length... OK
  Applying auth.0011_update_proxy_permissions... OK
  Applying auth.0012_alter_user_first_name_max_length... OK
  Applying accounts.0001_initial... OK
  Applying accounts.0002_emailverificationtoken... OK
  Applying admin.0001_initial... OK
  Applying admin.0002_logentry_remove_auto_add... OK
  Applying admin.0003_logentry_add_action_flag_choices... OK
  Applying administration.0001_initial... OK
  Applying administration.0002_sitesettings... OK
  Applying debug_toolbar.0001_initial... OK
  Applying django_celery_beat.0001_initial... OK
  Applying django_celery_beat.0002_auto_20161118_0346... OK
  Applying django_celery_beat.0003_auto_20161209_0049... OK
  Applying django_celery_beat.0004_auto_20170221_0000... OK
  Applying django_celery_beat.0005_add_solarschedule_events_choices... OK
  Applying django_celery_beat.0006_auto_20180322_0932... OK
  Applying django_celery_beat.0007_auto_20180521_0826... OK
  Applying django_celery_beat.0008_auto_20180914_1922... OK
  Applying django_celery_beat.0006_auto_20180210_1226... OK
  Applying django_celery_beat.0006_periodictask_priority... OK
  Applying django_celery_beat.0009_periodictask_headers... OK
  Applying django_celery_beat.0010_auto_20190429_0326... OK
  Applying django_celery_beat.0011_auto_20190508_0153... OK
  Applying django_celery_beat.0012_periodictask_expire_seconds... OK
  Applying django_celery_beat.0013_auto_20200609_0727... OK
  Applying django_celery_beat.0014_remove_clockedschedule_enabled... OK
  Applying django_celery_beat.0015_edit_solarschedule_events_choices... OK
  Applying django_celery_beat.0016_alter_crontabschedule_timezone... OK
  Applying django_celery_beat.0017_alter_crontabschedule_month_of_year... OK
  Applying django_celery_beat.0018_improve_crontab_helptext... OK
  Applying django_celery_beat.0019_alter_periodictasks_options... OK
  Applying home.0001_initial... OK
  Applying practice.0001_initial... OK
  Applying practice.0002_sheet_sheet_type... OK
  Applying practice.0003_mcqquestion_mcqsubmission... OK
  Applying practice.0004_mcqquestion_slug... OK
  Applying practice.0005_questionimage... OK
  Applying practice.0006_add_previous_streak_field... OK
  Applying sessions.0001_initial... OK
  Applying sites.0001_initial... OK
  Applying sites.0002_alter_domain_unique... OK
  Applying socialaccount.0001_initial... OK
  Applying socialaccount.0002_token_max_lengths... OK
  Applying socialaccount.0003_extra_data_default_dict... OK
  Applying socialaccount.0004_app_provider_id_settings... OK
  Applying socialaccount.0005_socialtoken_nullable_app... OK
  Applying socialaccount.0006_alter_socialaccount_extra_data... OK
  Applying student.0001_initial... OK
  Applying student.0002_certificatetemplate_event_certificate... OK
  Applying student.0003_remove_certificate_template_version_and_more... OK
New user created: testuser with ID: 2

VERIFICATION EMAIL SENT! to test@example.com 


EMAIL SENT! to ['verify@example.com'] 

Error checking birthday: 'User' object has no attribute 'dob'
